// Jest Snapshot v1, https://goo.gl/fbAQLP

exports[`FontFact should match snapshot 1`] = `
<style
  dangerouslySetInnerHTML={
    Object {
      "__html": "@font-face {
  font-family: 'Nexa';
  src: url('/fonts/Nexa_Free_Bold-webfont.woff2') format('woff2'),
    url('/fonts/Nexa_Free_Bold-webfont.woff') format('woff');
  font-weight: normal;
  font-style: normal;
  font-display: swap;
}",
    }
  }
/>
`;
